Applied 2 suggestion(s) of merge request !3 in one commit to its source branch.
Project: example-group/alpha (project id 2001), public: anyone can see what is written there.
Source branch feature/login in example-group/alpha: head 1111111111222222222233333333334444444444 before, 5555555555666666666677777777778888888888 after.
- suggestion 130001 in comment 50001, src/login.go line 3: applied yes
- suggestion 130002 in comment 50002, src/main.go lines 1-2: applied yes